2026-03-24 19:30:01: [navalivay:bot] launch error: TelegramError: 409: Conflict: terminated by other getUpdates request; make sure that only one bot instance is running
2026-03-24 19:30:01:     at Telegram.callApi (/var/www/NAVALIVAY/server/node_modules/telegraf/lib/core/network/client.js:315:19)
2026-03-24 19:30:01:     at process.processTicksAndRejections (node:internal/process/task_queues:95:5)
2026-03-24 19:30:01:     at async [Symbol.asyncIterator] (/var/www/NAVALIVAY/server/node_modules/telegraf/lib/core/network/polling.js:30:33)
2026-03-24 19:30:01:     at async Polling.loop (/var/www/NAVALIVAY/server/node_modules/telegraf/lib/core/network/polling.js:73:30)
2026-03-24 19:30:01:     at async Telegraf.launch (/var/www/NAVALIVAY/server/node_modules/telegraf/lib/telegraf.js:194:13)
2026-03-24 19:30:01:     at async file:///var/www/NAVALIVAY/server/bot.js:277:7 {
2026-03-24 19:30:01:   response: {
2026-03-24 19:30:01:     ok: false,
2026-03-24 19:30:01:     error_code: 409,
2026-03-24 19:30:01:     description: 'Conflict: terminated by other getUpdates request; make sure that only one bot instance is running'
2026-03-24 19:30:01:   },
2026-03-24 19:30:01:   on: {
2026-03-24 19:30:01:     method: 'getUpdates',
2026-03-24 19:30:01:     payload: { timeout: 50, offset: 0, allowed_updates: [] }
2026-03-24 19:30:01:   }
2026-03-24 19:30:01: }
2026-03-24 19:30:17: [navalivay:bot] launch error: TelegramError: 409: Conflict: terminated by other getUpdates request; make sure that only one bot instance is running
2026-03-24 19:30:17:     at Telegram.callApi (/var/www/NAVALIVAY/server/node_modules/telegraf/lib/core/network/client.js:315:19)
2026-03-24 19:30:17:     at process.processTicksAndRejections (node:internal/process/task_queues:95:5)
2026-03-24 19:30:17:     at async [Symbol.asyncIterator] (/var/www/NAVALIVAY/server/node_modules/telegraf/lib/core/network/polling.js:30:33)
2026-03-24 19:30:17:     at async Polling.loop (/var/www/NAVALIVAY/server/node_modules/telegraf/lib/core/network/polling.js:73:30)
2026-03-24 19:30:17:     at async Telegraf.launch (/var/www/NAVALIVAY/server/node_modules/telegraf/lib/telegraf.js:194:13)
2026-03-24 19:30:17:     at async file:///var/www/NAVALIVAY/server/bot.js:277:7 {
2026-03-24 19:30:17:   response: {
2026-03-24 19:30:17:     ok: false,
2026-03-24 19:30:17:     error_code: 409,
2026-03-24 19:30:17:     description: 'Conflict: terminated by other getUpdates request; make sure that only one bot instance is running'
2026-03-24 19:30:17:   },
2026-03-24 19:30:17:   on: {
2026-03-24 19:30:17:     method: 'getUpdates',
2026-03-24 19:30:17:     payload: { timeout: 50, offset: 0, allowed_updates: [] }
2026-03-24 19:30:17:   }
2026-03-24 19:30:17: }
2026-03-24 19:30:32: [navalivay:bot] launch error: TelegramError: 409: Conflict: terminated by other getUpdates request; make sure that only one bot instance is running
2026-03-24 19:30:32:     at Telegram.callApi (/var/www/NAVALIVAY/server/node_modules/telegraf/lib/core/network/client.js:315:19)
2026-03-24 19:30:32:     at process.processTicksAndRejections (node:internal/process/task_queues:95:5)
2026-03-24 19:30:32:     at async [Symbol.asyncIterator] (/var/www/NAVALIVAY/server/node_modules/telegraf/lib/core/network/polling.js:30:33)
2026-03-24 19:30:32:     at async Polling.loop (/var/www/NAVALIVAY/server/node_modules/telegraf/lib/core/network/polling.js:73:30)
2026-03-24 19:30:32:     at async Telegraf.launch (/var/www/NAVALIVAY/server/node_modules/telegraf/lib/telegraf.js:194:13)
2026-03-24 19:30:32:     at async file:///var/www/NAVALIVAY/server/bot.js:277:7 {
2026-03-24 19:30:32:   response: {
2026-03-24 19:30:32:     ok: false,
2026-03-24 19:30:32:     error_code: 409,
2026-03-24 19:30:32:     description: 'Conflict: terminated by other getUpdates request; make sure that only one bot instance is running'
2026-03-24 19:30:32:   },
2026-03-24 19:30:32:   on: {
2026-03-24 19:30:32:     method: 'getUpdates',
2026-03-24 19:30:32:     payload: { timeout: 50, offset: 0, allowed_updates: [] }
2026-03-24 19:30:32:   }
2026-03-24 19:30:32: }
